2024-05-15 17:15:50.316212 test_function_success_file ok (0:00:00). Inputs: (), {}
2024-05-15 17:15:59.159184 test_function_success_file ok (0:00:00). Inputs: (), {}
2024-05-15 17:21:27.478549 test_function_success_file ok (0:00:00). Inputs: (), {}
2024-05-15 17:22:27.352909 test_function_success_file ok (0:00:00). Inputs: (), {}
2024-05-20 15:37:13.622951 test_function_success_file ok (0:00:00). Inputs: (), {}
2024-05-22 17:25:17.837760 test_function_success_file ok (0:00:00). Inputs: (), {}
2024-05-22 17:33:43.459837 test_function_success_file ok (0:00:00). Inputs: (), {}
2024-05-22 17:33:50.819832 test_function_success_file ok (0:00:00). Inputs: (), {}
2024-05-28 17:12:35.760705 test_function_success_file ok (0:00:00). Inputs: (), {}
2024-06-11 16:34:34.989600 test_function_success_file ok (0:00:00). Inputs: (), {}
2024-06-11 16:34:41.674147 test_function_success_file ok (0:00:00). Inputs: (), {}
2024-06-11 16:36:13.279583 test_function_success_file ok (0:00:00). Inputs: (), {}
